exports[`getForecastDataRequest Saga should call the forecastLoadingError action if the response errors 1`] = `
Object {
  "@@redux-saga/IO": true,
  "CALL": Object {
    "args": Array [
      "https://us3r.io:443/proxy",
    ],
    "context": null,
    "fn": [Function],
  },
}
`;

exports[`getForecastDataRequest Saga should dispatch the forecastLoaded action if it requests the data successfully 1`] = `
Object {
  "@@redux-saga/IO": true,
  "CALL": Object {
    "args": Array [
      "https://us3r.io:443/proxy",
    ],
    "context": null,
    "fn": [Function],
  },
}
`;
